// Jest Snapshot v1, https://goo.gl/fbAQLP

exports[`Gift Rendered Gift correctly 1`] = `ShallowWrapper {}`;

exports[`Gift Rendered correctly 1`] = `ShallowWrapper {}`;
